// Jest Snapshot v1, https://goo.gl/fbAQLP

exports[`RouterContext should apply a hook for return routeDetail: route details 1`] = `{}`;

exports[`RouterContext should apply a hook for useLocation: location 1`] = `
{
  "_id": "92c2cef6154c02e9d92294c0905713e55425dcf8",
  "assign": [Function],
  "hash": "",
  "host": "localhost",
  "hostname": "localhost",
  "href": undefined,
  "origin": "http://localhost",
  "pathname": "/",
  "port": "",
  "protocol": "http:",
  "reload": [Function],
  "replace": [Function],
  "search": "?lorem=ipsum",
  "toString": [Function],
}
`;

exports[`RouterContext should apply a hook for useNavigate: navigation push 1`] = `
[
  "./rhods?lorem=ipsum",
  "./rhods?lorem=ipsum",
  "./rhods?lorem=ipsum",
]
`;

exports[`RouterContext should return specific properties: specific properties 1`] = `
{
  "useLocation": [Function],
  "useNavigate": [Function],
  "useRouteDetail": [Function],
  "useSearchParams": [Function],
  "useSetRouteDetail": [Function],
}
`;
