// Jest Snapshot v1, https://goo.gl/fbAQLP

exports[`Service Helpers should have specific functions: serviceHelpers 1`] = `
Object {
  "passDataToCallback": [Function],
  "timeoutFunctionCancel": [Function],
}
`;

exports[`Service Helpers should support applying data to a supplied callback: passDataToCallback, error 1`] = `
Object {
  "data": Array [
    Object {
      "dolor": "sit",
    },
  ],
  "error": [Error: hello world],
}
`;

exports[`Service Helpers should support applying data to a supplied callback: passDataToCallback, success 1`] = `
Array [
  Array [
    Object {
      "hello": "world",
    },
    "lorem ipsum",
  ],
]
`;

exports[`Service Helpers should support cancelling function calls: timeout error 1`] = `
Object {
  "error": "dolor sit error",
  "success": "lorem ipsum success",
}
`;
