// Jest Snapshot v1, https://goo.gl/fbAQLP

exports[`General code checks should only have specific console.[warn|log|info|error] methods: console methods 1`] = `
[
  "AppEntry.js:9:  console.log('>>> APP ENTRY LOAD >>>>>>>>>>>>>>>>>>>>>>>>>>>>>>>>>>>>>>>');",
  "app.js:28:  console.log('>>> APP load', locale);",
  "app.js:30:    console.log('>>> APP mount comp', locale);",
  "components/i18n/i18n.js:27:    console.log('>>> mount i18n');",
  "components/inventoryCard/inventoryCardContext.js:167:        console.warn(\`Sorting can only be performed on select fields, confirm field \${id} is allowed.\`);",
  "components/inventoryCard/inventoryCardContext.js:229:        console.warn(\`Sorting can only be performed on select fields, confirm field \${id} is allowed.\`);",
  "components/inventoryCard/inventoryCardHelpers.js:87:          console.warn(\`Warning: Filter "\${id}" not found in "table row" response data.\`, cellData);",
  "components/inventoryCardSubscriptions/inventoryCardSubscriptionsContext.js:126:        console.warn(\`Sorting can only be performed on select fields, confirm field \${id} is allowed.\`);",
  "components/productView/productView.js:38:    console.log('>>>> PRODUCT VIEW MOUNTED', useAliasSelector, productGroup);",
  "components/productView/productView.js:109:      console.log('>>>> PRODUCT VIEW', config);",
  "components/router/routerContext.js:60:  console.log('>>>>>> useNavigate SETUP', search, hash, navigate);",
  "components/router/routerContext.js:67:      console.log('>>>>>> useNavigate 001', pathLocation);",
  "components/router/routerContext.js:68:      console.log(",
  "components/router/routerContext.js:75:      console.log('>>>>>> useNavigate 003', (pathName && \`\${pathName}\${search}\${hash}\`) || undefined);",
  "components/router/routerContext.js:76:      // console.log('>>>>>> useNavigate', firstMatch);",
  "components/router/routerContext.js:106:  console.log('>>> use route detail', productPath);",
  "components/router/routerContext.js:109:    console.log('>>> ATTEMPT TO SET ROUTE DETAIL', productPath);",
  "components/router/routerContext.js:110:    console.log('>>> ATTEMPT TO SET ROUTE DETAIL', detail?._passed !== productPath, detail?._passed, productPath);",
  "components/router/routerContext.js:115:      console.log('>>> SET ROUTE DETAIL', firstMatch?.productGroup, detail?._passed, productPath);",
  "config/products.js:28:    console.warn(\`Product configuration failed to load: \${e.message}\`);",
  "index.js:12:      console.log(\`Emulated appNavClick: \${JSON.stringify({ id, ...rest })}\`);",
  "redux/common/reduxHelpers.js:282:    console.error(\`Error: Property \${prop} does not exist within the passed state.\`, state);",
  "redux/common/reduxHelpers.js:286:    console.warn(\`Warning: Property \${prop} does not exist within the passed initialState.\`, initialState);",
  "services/common/helpers.js:100:    console.error(",
]
`;
