// Jest Snapshot v1, https://goo.gl/fbAQLP

exports[`Build distribution should match a specific file output 1`] = `
Array [
  "",
  "./build/index.html",
  "./build/locales/en-US.json",
  "./build/locales/en.json",
  "./build/locales/locales.json",
  "./build/static/css/11*chunk*map",
  "./build/static/css/11*chunk.css",
  "./build/static/css/12*chunk*map",
  "./build/static/css/12*chunk.css",
  "./build/static/css/13*chunk*map",
  "./build/static/css/13*chunk.css",
  "./build/static/css/14*chunk*map",
  "./build/static/css/14*chunk.css",
  "./build/static/css/15*chunk*map",
  "./build/static/css/15*chunk.css",
  "./build/static/css/16*chunk*map",
  "./build/static/css/16*chunk.css",
  "./build/static/css/17*chunk*map",
  "./build/static/css/17*chunk.css",
  "./build/static/css/18*chunk*map",
  "./build/static/css/18*chunk.css",
  "./build/static/css/19*chunk*map",
  "./build/static/css/19*chunk.css",
  "./build/static/css/2*chunk*map",
  "./build/static/css/2*chunk.css",
  "./build/static/css/20*chunk*map",
  "./build/static/css/20*chunk.css",
  "./build/static/css/21*chunk*map",
  "./build/static/css/21*chunk.css",
  "./build/static/css/22*chunk*map",
  "./build/static/css/22*chunk.css",
  "./build/static/css/23*chunk*map",
  "./build/static/css/23*chunk.css",
  "./build/static/css/27*chunk*map",
  "./build/static/css/27*chunk.css",
  "./build/static/css/28*chunk*map",
  "./build/static/css/28*chunk.css",
  "./build/static/css/3*chunk*map",
  "./build/static/css/3*chunk.css",
  "./build/static/css/31*chunk*map",
  "./build/static/css/31*chunk.css",
  "./build/static/css/32*chunk*map",
  "./build/static/css/32*chunk.css",
  "./build/static/css/33*chunk*map",
  "./build/static/css/33*chunk.css",
  "./build/static/css/39*chunk*map",
  "./build/static/css/39*chunk.css",
  "./build/static/css/5*chunk*map",
  "./build/static/css/5*chunk.css",
  "./build/static/css/6*chunk*map",
  "./build/static/css/6*chunk.css",
  "./build/static/css/8*chunk*map",
  "./build/static/css/8*chunk.css",
  "./build/static/css/main*chunk*map",
  "./build/static/css/main*chunk.css",
  "./build/static/js/0*chunk*LICENSE.txt",
  "./build/static/js/0*chunk*map",
  "./build/static/js/0*chunk.js",
  "./build/static/js/1*chunk*map",
  "./build/static/js/1*chunk.js",
  "./build/static/js/11*chunk*LICENSE.txt",
  "./build/static/js/11*chunk*map",
  "./build/static/js/11*chunk.js",
  "./build/static/js/12*chunk*map",
  "./build/static/js/12*chunk.js",
  "./build/static/js/13*chunk*map",
  "./build/static/js/13*chunk.js",
  "./build/static/js/14*chunk*map",
  "./build/static/js/14*chunk.js",
  "./build/static/js/15*chunk*map",
  "./build/static/js/15*chunk.js",
  "./build/static/js/16*chunk*map",
  "./build/static/js/16*chunk.js",
  "./build/static/js/17*chunk*map",
  "./build/static/js/17*chunk.js",
  "./build/static/js/18*chunk*map",
  "./build/static/js/18*chunk.js",
  "./build/static/js/19*chunk*map",
  "./build/static/js/19*chunk.js",
  "./build/static/js/2*chunk*map",
  "./build/static/js/2*chunk.js",
  "./build/static/js/20*chunk*map",
  "./build/static/js/20*chunk.js",
  "./build/static/js/21*chunk*map",
  "./build/static/js/21*chunk.js",
  "./build/static/js/22*chunk*map",
  "./build/static/js/22*chunk.js",
  "./build/static/js/23*chunk*map",
  "./build/static/js/23*chunk.js",
  "./build/static/js/24*chunk*LICENSE.txt",
  "./build/static/js/24*chunk*map",
  "./build/static/js/24*chunk.js",
  "./build/static/js/25*chunk*map",
  "./build/static/js/25*chunk.js",
  "./build/static/js/26*chunk*map",
  "./build/static/js/26*chunk.js",
  "./build/static/js/27*chunk*map",
  "./build/static/js/27*chunk.js",
  "./build/static/js/28*chunk*map",
  "./build/static/js/28*chunk.js",
  "./build/static/js/29*chunk*map",
  "./build/static/js/29*chunk.js",
  "./build/static/js/3*chunk*map",
  "./build/static/js/3*chunk.js",
  "./build/static/js/30*chunk*map",
  "./build/static/js/30*chunk.js",
  "./build/static/js/31*chunk*map",
  "./build/static/js/31*chunk.js",
  "./build/static/js/32*chunk*map",
  "./build/static/js/32*chunk.js",
  "./build/static/js/33*chunk*map",
  "./build/static/js/33*chunk.js",
  "./build/static/js/34*chunk*map",
  "./build/static/js/34*chunk.js",
  "./build/static/js/35*chunk*map",
  "./build/static/js/35*chunk.js",
  "./build/static/js/36*chunk*map",
  "./build/static/js/36*chunk.js",
  "./build/static/js/37*chunk*map",
  "./build/static/js/37*chunk.js",
  "./build/static/js/38*chunk*map",
  "./build/static/js/38*chunk.js",
  "./build/static/js/39*chunk*map",
  "./build/static/js/39*chunk.js",
  "./build/static/js/4*chunk*map",
  "./build/static/js/4*chunk.js",
  "./build/static/js/40*chunk*map",
  "./build/static/js/40*chunk.js",
  "./build/static/js/41*chunk*map",
  "./build/static/js/41*chunk.js",
  "./build/static/js/42*chunk*map",
  "./build/static/js/42*chunk.js",
  "./build/static/js/43*chunk*map",
  "./build/static/js/43*chunk.js",
  "./build/static/js/44*chunk*map",
  "./build/static/js/44*chunk.js",
  "./build/static/js/45*chunk*map",
  "./build/static/js/45*chunk.js",
  "./build/static/js/46*chunk*map",
  "./build/static/js/46*chunk.js",
  "./build/static/js/47*chunk*map",
  "./build/static/js/47*chunk.js",
  "./build/static/js/48*chunk*map",
  "./build/static/js/48*chunk.js",
  "./build/static/js/49*chunk*map",
  "./build/static/js/49*chunk.js",
  "./build/static/js/5*chunk*map",
  "./build/static/js/5*chunk.js",
  "./build/static/js/50*chunk*map",
  "./build/static/js/50*chunk.js",
  "./build/static/js/51*chunk*map",
  "./build/static/js/51*chunk.js",
  "./build/static/js/52*chunk*map",
  "./build/static/js/52*chunk.js",
  "./build/static/js/53*chunk*map",
  "./build/static/js/53*chunk.js",
  "./build/static/js/54*chunk*map",
  "./build/static/js/54*chunk.js",
  "./build/static/js/55*chunk*map",
  "./build/static/js/55*chunk.js",
  "./build/static/js/56*chunk*map",
  "./build/static/js/56*chunk.js",
  "./build/static/js/57*chunk*map",
  "./build/static/js/57*chunk.js",
  "./build/static/js/58*chunk*map",
  "./build/static/js/58*chunk.js",
  "./build/static/js/59*chunk*map",
  "./build/static/js/59*chunk.js",
  "./build/static/js/6*chunk*map",
  "./build/static/js/6*chunk.js",
  "./build/static/js/60*chunk*map",
  "./build/static/js/60*chunk.js",
  "./build/static/js/61*chunk*map",
  "./build/static/js/61*chunk.js",
  "./build/static/js/62*chunk*map",
  "./build/static/js/62*chunk.js",
  "./build/static/js/63*chunk*map",
  "./build/static/js/63*chunk.js",
  "./build/static/js/64*chunk*map",
  "./build/static/js/64*chunk.js",
  "./build/static/js/65*chunk*map",
  "./build/static/js/65*chunk.js",
  "./build/static/js/66*chunk*map",
  "./build/static/js/66*chunk.js",
  "./build/static/js/67*chunk*map",
  "./build/static/js/67*chunk.js",
  "./build/static/js/68*chunk*map",
  "./build/static/js/68*chunk.js",
  "./build/static/js/69*chunk*map",
  "./build/static/js/69*chunk.js",
  "./build/static/js/7*chunk*map",
  "./build/static/js/7*chunk.js",
  "./build/static/js/70*chunk*map",
  "./build/static/js/70*chunk.js",
  "./build/static/js/71*chunk*map",
  "./build/static/js/71*chunk.js",
  "./build/static/js/72*chunk*map",
  "./build/static/js/72*chunk.js",
  "./build/static/js/73*chunk*map",
  "./build/static/js/73*chunk.js",
  "./build/static/js/74*chunk*map",
  "./build/static/js/74*chunk.js",
  "./build/static/js/75*chunk*map",
  "./build/static/js/75*chunk.js",
  "./build/static/js/76*chunk*map",
  "./build/static/js/76*chunk.js",
  "./build/static/js/77*chunk*map",
  "./build/static/js/77*chunk.js",
  "./build/static/js/78*chunk*map",
  "./build/static/js/78*chunk.js",
  "./build/static/js/79*chunk*map",
  "./build/static/js/79*chunk.js",
  "./build/static/js/8*chunk*map",
  "./build/static/js/8*chunk.js",
  "./build/static/js/80*chunk*map",
  "./build/static/js/80*chunk.js",
  "./build/static/js/81*chunk*map",
  "./build/static/js/81*chunk.js",
  "./build/static/js/82*chunk*map",
  "./build/static/js/82*chunk.js",
  "./build/static/js/83*chunk*map",
  "./build/static/js/83*chunk.js",
  "./build/static/js/84*chunk*map",
  "./build/static/js/84*chunk.js",
  "./build/static/js/85*chunk*map",
  "./build/static/js/85*chunk.js",
  "./build/static/js/86*chunk*map",
  "./build/static/js/86*chunk.js",
  "./build/static/js/87*chunk*map",
  "./build/static/js/87*chunk.js",
  "./build/static/js/88*chunk*map",
  "./build/static/js/88*chunk.js",
  "./build/static/js/89*chunk*map",
  "./build/static/js/89*chunk.js",
  "./build/static/js/90*chunk*map",
  "./build/static/js/90*chunk.js",
  "./build/static/js/91*chunk*map",
  "./build/static/js/91*chunk.js",
  "./build/static/js/92*chunk*map",
  "./build/static/js/92*chunk.js",
  "./build/static/js/93*chunk*map",
  "./build/static/js/93*chunk.js",
  "./build/static/js/94*chunk*map",
  "./build/static/js/94*chunk.js",
  "./build/static/js/95*chunk*map",
  "./build/static/js/95*chunk.js",
  "./build/static/js/96*chunk*map",
  "./build/static/js/96*chunk.js",
  "./build/static/js/97*chunk*map",
  "./build/static/js/97*chunk.js",
  "./build/static/js/98*chunk*map",
  "./build/static/js/98*chunk.js",
  "./build/static/js/main*chunk*map",
  "./build/static/js/main*chunk.js",
  "./build/static/js/runtime-main*js",
  "./build/static/js/runtime-main*js.map",
  "./build/static/media/graph2x*png",
  "./build/static/media/graph4x*png",
  "./build/static/media/pfbg_2000*jpg",
  "./build/static/media/pfbg_576*jpg",
  "./build/static/media/pfbg_576@2x*jpg",
  "./build/static/media/pfbg_768*jpg",
  "./build/static/media/pfbg_768@2x*jpg",
  "./build/static/media/pfbg_992@2x*jpg",
]
`;
