// Jest Snapshot v1, https://goo.gl/fbAQLP

exports[`Build distribution should have a predictable ephemeral navigation based on route configuration: expected covered, missing routes 1`] = `
[
  {
    "coverage": "TRUE",
    "path": "/openshift-container",
    "productId": [
      "OpenShift Container Platform",
      "OpenShift-metrics",
    ],
  },
  {
    "coverage": "FALSE",
    "path": "/OpenShift Container Platform",
    "productId": [
      "OpenShift Container Platform",
      "OpenShift-metrics",
    ],
  },
  {
    "coverage": "FALSE",
    "path": "/openshift",
    "productId": [
      "OpenShift Container Platform",
      "OpenShift-metrics",
    ],
  },
  {
    "coverage": "FALSE",
    "path": "/container",
    "productId": [
      "OpenShift Container Platform",
      "OpenShift-metrics",
    ],
  },
  {
    "coverage": "FALSE",
    "path": "/platform",
    "productId": [
      "OpenShift Container Platform",
      "OpenShift-metrics",
    ],
  },
  {
    "coverage": "FALSE",
    "path": "/shift",
    "productId": [
      "OpenShift Container Platform",
      "OpenShift-metrics",
    ],
  },
  {
    "coverage": "FALSE",
    "path": "/OpenShift-metrics",
    "productId": [
      "OpenShift Container Platform",
      "OpenShift-metrics",
    ],
  },
  {
    "coverage": "FALSE",
    "path": "/metrics",
    "productId": [
      "OpenShift Container Platform",
      "OpenShift-metrics",
    ],
  },
  {
    "coverage": "FALSE",
    "path": "/openshift-dedicated-metrics",
    "productId": [
      "OpenShift-dedicated-metrics",
    ],
  },
  {
    "coverage": "TRUE",
    "path": "/openshift-dedicated",
    "productId": [
      "OpenShift-dedicated-metrics",
    ],
  },
  {
    "coverage": "FALSE",
    "path": "/dedicated",
    "productId": [
      "OpenShift-dedicated-metrics",
    ],
  },
  {
    "coverage": "FALSE",
    "path": "/rhacs",
    "productId": [
      "rhacs",
    ],
  },
  {
    "coverage": "FALSE",
    "path": "/advanced",
    "productId": [
      "rhacs",
    ],
  },
  {
    "coverage": "FALSE",
    "path": "/cluster",
    "productId": [
      "rhacs",
    ],
  },
  {
    "coverage": "FALSE",
    "path": "/security",
    "productId": [
      "rhacs",
    ],
  },
  {
    "coverage": "FALSE",
    "path": "/kubernetes",
    "productId": [
      "rhacs",
    ],
  },
  {
    "coverage": "FALSE",
    "path": "/acs",
    "productId": [
      "rhacs",
    ],
  },
  {
    "coverage": "TRUE",
    "path": "/rhel",
    "productId": [
      "RHEL",
    ],
  },
  {
    "coverage": "FALSE",
    "path": "/insights",
    "productId": [
      "RHEL",
    ],
  },
  {
    "coverage": "FALSE",
    "path": "/enterprise",
    "productId": [
      "RHEL",
    ],
  },
  {
    "coverage": "FALSE",
    "path": "/linux",
    "productId": [
      "RHEL",
    ],
  },
  {
    "coverage": "FALSE",
    "path": "/el",
    "productId": [
      "RHEL",
    ],
  },
  {
    "coverage": "FALSE",
    "path": "/x86",
    "productId": [
      "RHEL",
    ],
  },
  {
    "coverage": "TRUE",
    "path": "/rhods",
    "productId": [
      "rhods",
    ],
  },
  {
    "coverage": "FALSE",
    "path": "/openshift",
    "productId": [
      "rhods",
    ],
  },
  {
    "coverage": "FALSE",
    "path": "/data",
    "productId": [
      "rhods",
    ],
  },
  {
    "coverage": "FALSE",
    "path": "/science",
    "productId": [
      "rhods",
    ],
  },
  {
    "coverage": "FALSE",
    "path": "/ods",
    "productId": [
      "rhods",
    ],
  },
  {
    "coverage": "FALSE",
    "path": "/rhosak",
    "productId": [
      "rhosak",
    ],
  },
  {
    "coverage": "TRUE",
    "path": "/streams",
    "productId": [
      "rhosak",
    ],
  },
  {
    "coverage": "FALSE",
    "path": "/apache",
    "productId": [
      "rhosak",
    ],
  },
  {
    "coverage": "FALSE",
    "path": "/kafka",
    "productId": [
      "rhosak",
    ],
  },
  {
    "coverage": "TRUE",
    "path": "/satellite",
    "productId": [
      "Satellite",
    ],
  },
  {
    "coverage": "FALSE",
    "path": "/sat",
    "productId": [
      "Satellite",
    ],
  },
  {
    "coverage": "FALSE",
    "path": "/capsule",
    "productId": [
      "Satellite",
    ],
  },
]
`;

exports[`Build distribution should match a specific file output 1`] = `
[
  "",
  "./dist/css/160*css",
  "./dist/css/401*css",
  "./dist/css/402*css",
  "./dist/css/485*css",
  "./dist/css/66*css",
  "./dist/fed-mods.json",
  "./dist/fonts/graph2x.png",
  "./dist/fonts/graph4x.png",
  "./dist/js/128*js",
  "./dist/js/132*js",
  "./dist/js/143*js",
  "./dist/js/155*js",
  "./dist/js/160*js",
  "./dist/js/185*js",
  "./dist/js/217*js",
  "./dist/js/294*js",
  "./dist/js/294*txt",
  "./dist/js/314*js",
  "./dist/js/314*txt",
  "./dist/js/353*js",
  "./dist/js/355*js",
  "./dist/js/362*js",
  "./dist/js/386*js",
  "./dist/js/402*js",
  "./dist/js/446*js",
  "./dist/js/485*js",
  "./dist/js/549*js",
  "./dist/js/66*js",
  "./dist/js/669*js",
  "./dist/js/669*txt",
  "./dist/js/68*js",
  "./dist/js/7*js",
  "./dist/js/707*js",
  "./dist/js/707*txt",
  "./dist/js/745*js",
  "./dist/js/77*js",
  "./dist/js/816*js",
  "./dist/js/894*js",
  "./dist/js/894*txt",
  "./dist/js/914*js",
  "./dist/js/935*js",
  "./dist/js/935*txt",
  "./dist/js/993*js",
  "./dist/js/App*js",
  "./dist/locales/en-US.json",
  "./dist/locales/en.json",
  "./dist/locales/locales.json",
  "./dist/sourcemaps/128*map",
  "./dist/sourcemaps/143*map",
  "./dist/sourcemaps/155*map",
  "./dist/sourcemaps/160*map",
  "./dist/sourcemaps/185*map",
  "./dist/sourcemaps/217*map",
  "./dist/sourcemaps/294*map",
  "./dist/sourcemaps/314*map",
  "./dist/sourcemaps/353*map",
  "./dist/sourcemaps/355*map",
  "./dist/sourcemaps/362*map",
  "./dist/sourcemaps/386*map",
  "./dist/sourcemaps/402*map",
  "./dist/sourcemaps/446*map",
  "./dist/sourcemaps/485*map",
  "./dist/sourcemaps/66*map",
  "./dist/sourcemaps/669*map",
  "./dist/sourcemaps/68*map",
  "./dist/sourcemaps/707*map",
  "./dist/sourcemaps/77*map",
  "./dist/sourcemaps/816*map",
  "./dist/sourcemaps/894*map",
  "./dist/sourcemaps/914*map",
  "./dist/sourcemaps/935*map",
  "./dist/sourcemaps/993*map",
  "./dist/sourcemaps/App*map",
  "./dist/subscriptions*js",
]
`;
