// Jest Snapshot v1, https://goo.gl/fbAQLP

exports[`InventoryList Component should render a non-connected component: non-connected 1`] = `
<Table
  ariaLabel="Compact table."
  className="curiosity-inventory-list"
  columnHeaders={
    Array [
      "t(curiosity-inventory.headerName)",
      "t(curiosity-inventory.headerInfrastructure)",
      "t(curiosity-inventory.headerSocketsCores)",
      "t(curiosity-inventory.headerLastSeen)",
    ]
  }
  rows={Array []}
  summary="A generated table with one level of column headers."
  variant="compact"
/>
`;
