// Jest Snapshot v1, https://goo.gl/fbAQLP

exports[`DateHelpers should have specific functions: dateHelpers 1`] = `
Object {
  "currentDateTime": Object {
    "endDate": 2019-07-20T23:59:59.999Z,
    "startDate": 2019-07-19T00:00:00.000Z,
  },
  "defaultDateTime": Object {
    "endDate": 2019-07-20T23:59:59.999Z,
    "startDate": 2019-06-20T00:00:00.000Z,
  },
  "getCurrentDate": [Function],
  "getRangedDateTime": [Function],
  "getRangedYearDateTime": [Function],
  "monthlyDateTime": Object {
    "endDate": 2019-07-01T23:59:59.999Z,
    "startDate": 2018-07-01T00:00:00.000Z,
  },
  "quarterlyDateTime": Object {
    "endDate": 2019-07-01T23:59:59.999Z,
    "startDate": 2016-07-01T00:00:00.000Z,
  },
  "rangedYearDateTime": Object {
    "endDate": 2019-07-31T23:59:59.999Z,
    "startDate": 2018-08-01T00:00:00.000Z,
  },
  "setRangedDateTime": [Function],
  "timestampDayFormats": Object {
    "long": "MMMM D",
    "short": "MMM D",
    "yearLong": "MMMM D YYYY",
    "yearShort": "MMM D YYYY",
  },
  "timestampMonthFormats": Object {
    "long": "MMMM",
    "short": "MMM",
    "yearLong": "MMMM YYYY",
    "yearShort": "MMM YYYY",
  },
  "timestampQuarterFormats": Object {
    "long": "MMMM",
    "short": "MMM",
    "yearLong": "MMMM YYYY",
    "yearShort": "MMM YYYY",
  },
  "weeklyDateTime": Object {
    "endDate": 2019-07-14T23:59:59.999Z,
    "startDate": 2019-04-21T00:00:00.000Z,
  },
}
`;

exports[`DateHelpers should return a predictable object and list of months based on a year range: get a specific month by name 1`] = `
Object {
  "title": "t(curiosity-toolbar.granularityRange, {\\"context\\":\\"April\\"})",
  "value": Object {
    "endDate": 2019-05-01T00:00:00.000Z,
    "startDate": 2019-04-01T00:00:00.000Z,
  },
}
`;

exports[`DateHelpers should return a predictable object and list of months based on a year range: get a specific month by number 1`] = `
Object {
  "title": "t(curiosity-toolbar.granularityRange, {\\"context\\":\\"March\\"})",
  "value": Object {
    "endDate": 2019-04-01T00:00:00.000Z,
    "startDate": 2019-03-01T00:00:00.000Z,
  },
}
`;

exports[`DateHelpers should return a predictable object and list of months based on a year range: getRangedYearDateTime 1`] = `
Object {
  "keyDateTimeRanges": Object {
    "1": Object {
      "title": "t(curiosity-toolbar.granularityRange, {\\"context\\":\\"January\\"})",
      "value": Object {
        "endDate": 2019-02-01T00:00:00.000Z,
        "startDate": 2019-01-01T00:00:00.000Z,
      },
    },
    "10": Object {
      "title": "t(curiosity-toolbar.granularityRange, {\\"context\\":\\"October 2018\\"})",
      "value": Object {
        "endDate": 2018-11-01T00:00:00.000Z,
        "startDate": 2018-10-01T00:00:00.000Z,
      },
    },
    "11": Object {
      "title": "t(curiosity-toolbar.granularityRange, {\\"context\\":\\"November 2018\\"})",
      "value": Object {
        "endDate": 2018-12-01T00:00:00.000Z,
        "startDate": 2018-11-01T00:00:00.000Z,
      },
    },
    "12": Object {
      "title": "t(curiosity-toolbar.granularityRange, {\\"context\\":\\"December 2018\\"})",
      "value": Object {
        "endDate": 2019-01-01T00:00:00.000Z,
        "startDate": 2018-12-01T00:00:00.000Z,
      },
    },
    "2": Object {
      "title": "t(curiosity-toolbar.granularityRange, {\\"context\\":\\"February\\"})",
      "value": Object {
        "endDate": 2019-03-01T00:00:00.000Z,
        "startDate": 2019-02-01T00:00:00.000Z,
      },
    },
    "3": Object {
      "title": "t(curiosity-toolbar.granularityRange, {\\"context\\":\\"March\\"})",
      "value": Object {
        "endDate": 2019-04-01T00:00:00.000Z,
        "startDate": 2019-03-01T00:00:00.000Z,
      },
    },
    "4": Object {
      "title": "t(curiosity-toolbar.granularityRange, {\\"context\\":\\"April\\"})",
      "value": Object {
        "endDate": 2019-05-01T00:00:00.000Z,
        "startDate": 2019-04-01T00:00:00.000Z,
      },
    },
    "5": Object {
      "title": "t(curiosity-toolbar.granularityRange, {\\"context\\":\\"May\\"})",
      "value": Object {
        "endDate": 2019-06-01T00:00:00.000Z,
        "startDate": 2019-05-01T00:00:00.000Z,
      },
    },
    "6": Object {
      "title": "t(curiosity-toolbar.granularityRange, {\\"context\\":\\"June\\"})",
      "value": Object {
        "endDate": 2019-07-01T00:00:00.000Z,
        "startDate": 2019-06-01T00:00:00.000Z,
      },
    },
    "7": Object {
      "title": "t(curiosity-toolbar.granularityRange, {\\"context\\":\\"July\\"})",
      "value": Object {
        "endDate": 2019-08-01T00:00:00.000Z,
        "startDate": 2019-07-01T00:00:00.000Z,
      },
    },
    "8": Object {
      "title": "t(curiosity-toolbar.granularityRange, {\\"context\\":\\"August 2018\\"})",
      "value": Object {
        "endDate": 2018-09-01T00:00:00.000Z,
        "startDate": 2018-08-01T00:00:00.000Z,
      },
    },
    "9": Object {
      "title": "t(curiosity-toolbar.granularityRange, {\\"context\\":\\"September 2018\\"})",
      "value": Object {
        "endDate": 2018-10-01T00:00:00.000Z,
        "startDate": 2018-09-01T00:00:00.000Z,
      },
    },
    "april": Object {
      "title": "t(curiosity-toolbar.granularityRange, {\\"context\\":\\"April\\"})",
      "value": Object {
        "endDate": 2019-05-01T00:00:00.000Z,
        "startDate": 2019-04-01T00:00:00.000Z,
      },
    },
    "august": Object {
      "title": "t(curiosity-toolbar.granularityRange, {\\"context\\":\\"August 2018\\"})",
      "value": Object {
        "endDate": 2018-09-01T00:00:00.000Z,
        "startDate": 2018-08-01T00:00:00.000Z,
      },
    },
    "december": Object {
      "title": "t(curiosity-toolbar.granularityRange, {\\"context\\":\\"December 2018\\"})",
      "value": Object {
        "endDate": 2019-01-01T00:00:00.000Z,
        "startDate": 2018-12-01T00:00:00.000Z,
      },
    },
    "february": Object {
      "title": "t(curiosity-toolbar.granularityRange, {\\"context\\":\\"February\\"})",
      "value": Object {
        "endDate": 2019-03-01T00:00:00.000Z,
        "startDate": 2019-02-01T00:00:00.000Z,
      },
    },
    "january": Object {
      "title": "t(curiosity-toolbar.granularityRange, {\\"context\\":\\"January\\"})",
      "value": Object {
        "endDate": 2019-02-01T00:00:00.000Z,
        "startDate": 2019-01-01T00:00:00.000Z,
      },
    },
    "july": Object {
      "title": "t(curiosity-toolbar.granularityRange, {\\"context\\":\\"July\\"})",
      "value": Object {
        "endDate": 2019-08-01T00:00:00.000Z,
        "startDate": 2019-07-01T00:00:00.000Z,
      },
    },
    "june": Object {
      "title": "t(curiosity-toolbar.granularityRange, {\\"context\\":\\"June\\"})",
      "value": Object {
        "endDate": 2019-07-01T00:00:00.000Z,
        "startDate": 2019-06-01T00:00:00.000Z,
      },
    },
    "march": Object {
      "title": "t(curiosity-toolbar.granularityRange, {\\"context\\":\\"March\\"})",
      "value": Object {
        "endDate": 2019-04-01T00:00:00.000Z,
        "startDate": 2019-03-01T00:00:00.000Z,
      },
    },
    "may": Object {
      "title": "t(curiosity-toolbar.granularityRange, {\\"context\\":\\"May\\"})",
      "value": Object {
        "endDate": 2019-06-01T00:00:00.000Z,
        "startDate": 2019-05-01T00:00:00.000Z,
      },
    },
    "november": Object {
      "title": "t(curiosity-toolbar.granularityRange, {\\"context\\":\\"November 2018\\"})",
      "value": Object {
        "endDate": 2018-12-01T00:00:00.000Z,
        "startDate": 2018-11-01T00:00:00.000Z,
      },
    },
    "october": Object {
      "title": "t(curiosity-toolbar.granularityRange, {\\"context\\":\\"October 2018\\"})",
      "value": Object {
        "endDate": 2018-11-01T00:00:00.000Z,
        "startDate": 2018-10-01T00:00:00.000Z,
      },
    },
    "september": Object {
      "title": "t(curiosity-toolbar.granularityRange, {\\"context\\":\\"September 2018\\"})",
      "value": Object {
        "endDate": 2018-10-01T00:00:00.000Z,
        "startDate": 2018-09-01T00:00:00.000Z,
      },
    },
  },
  "listDateTimeRanges": Array [
    Object {
      "title": "t(curiosity-toolbar.granularityRange, {\\"context\\":\\"current\\"})",
      "value": Object {
        "endDate": 2019-08-01T00:00:00.000Z,
        "startDate": 2019-07-01T00:00:00.000Z,
      },
    },
    Object {
      "title": "t(curiosity-toolbar.granularityRange, {\\"context\\":\\"June\\"})",
      "value": Object {
        "endDate": 2019-07-01T00:00:00.000Z,
        "startDate": 2019-06-01T00:00:00.000Z,
      },
    },
    Object {
      "title": "t(curiosity-toolbar.granularityRange, {\\"context\\":\\"May\\"})",
      "value": Object {
        "endDate": 2019-06-01T00:00:00.000Z,
        "startDate": 2019-05-01T00:00:00.000Z,
      },
    },
    Object {
      "title": "t(curiosity-toolbar.granularityRange, {\\"context\\":\\"April\\"})",
      "value": Object {
        "endDate": 2019-05-01T00:00:00.000Z,
        "startDate": 2019-04-01T00:00:00.000Z,
      },
    },
    Object {
      "title": "t(curiosity-toolbar.granularityRange, {\\"context\\":\\"March\\"})",
      "value": Object {
        "endDate": 2019-04-01T00:00:00.000Z,
        "startDate": 2019-03-01T00:00:00.000Z,
      },
    },
    Object {
      "title": "t(curiosity-toolbar.granularityRange, {\\"context\\":\\"February\\"})",
      "value": Object {
        "endDate": 2019-03-01T00:00:00.000Z,
        "startDate": 2019-02-01T00:00:00.000Z,
      },
    },
    Object {
      "title": "t(curiosity-toolbar.granularityRange, {\\"context\\":\\"January\\"})",
      "value": Object {
        "endDate": 2019-02-01T00:00:00.000Z,
        "startDate": 2019-01-01T00:00:00.000Z,
      },
    },
    Object {
      "title": "t(curiosity-toolbar.granularityRange, {\\"context\\":\\"December 2018\\"})",
      "value": Object {
        "endDate": 2019-01-01T00:00:00.000Z,
        "startDate": 2018-12-01T00:00:00.000Z,
      },
    },
    Object {
      "title": "t(curiosity-toolbar.granularityRange, {\\"context\\":\\"November 2018\\"})",
      "value": Object {
        "endDate": 2018-12-01T00:00:00.000Z,
        "startDate": 2018-11-01T00:00:00.000Z,
      },
    },
    Object {
      "title": "t(curiosity-toolbar.granularityRange, {\\"context\\":\\"October 2018\\"})",
      "value": Object {
        "endDate": 2018-11-01T00:00:00.000Z,
        "startDate": 2018-10-01T00:00:00.000Z,
      },
    },
    Object {
      "title": "t(curiosity-toolbar.granularityRange, {\\"context\\":\\"September 2018\\"})",
      "value": Object {
        "endDate": 2018-10-01T00:00:00.000Z,
        "startDate": 2018-09-01T00:00:00.000Z,
      },
    },
    Object {
      "title": "t(curiosity-toolbar.granularityRange, {\\"context\\":\\"August 2018\\"})",
      "value": Object {
        "endDate": 2018-09-01T00:00:00.000Z,
        "startDate": 2018-08-01T00:00:00.000Z,
      },
    },
  ],
}
`;

exports[`DateHelpers should return a predictable range of time: range of time 1`] = `
Object {
  "currentDate": "20190720",
  "rangeDateTime": Object {
    "endDate": 2019-07-20T23:59:59.999Z,
    "startDate": 2019-07-15T00:00:00.000Z,
  },
}
`;
