// Jest Snapshot v1, https://goo.gl/fbAQLP

exports[`ToolbarFieldExport Component should allow export service calls on existing exports: existingExports, mount 1`] = `
[
  [
    {
      "meta": {
        "notifications": {
          "rejected": {
            "description": "t(curiosity-toolbar.notifications_export_error, {"context":"description"})",
            "dismissable": true,
            "title": "t(curiosity-toolbar.notifications_export_error, {"context":"title"})",
            "variant": "warning",
          },
        },
      },
      "payload": Promise {},
      "type": "SET_PLATFORM_EXPORT_EXISTING_STATUS",
    },
  ],
  [
    {
      "payload": "swatch-exports-status",
      "type": "@@INSIGHTS-CORE/NOTIFICATIONS/REMOVE_NOTIFICATION",
    },
  ],
  [
    {
      "payload": {
        "autoDismiss": false,
        "description": <div
          aria-live="polite"
        >
          t(curiosity-toolbar.notifications_export_completed_description_existing, {"context":"pending","count":1,"completed":0,"pending":1})
          <p
            style={
              {
                "paddingTop": "1em",
              }
            }
          >
            <Button
              autoFocus={true}
              data-test="exportButtonConfirm"
              onClick={[Function]}
              variant="primary"
            >
              t(curiosity-toolbar.button, {"context":"yes"})
            </Button>
             
            <Button
              data-test="exportButtonConfirm"
              onClick={[Function]}
              variant="plain"
            >
              t(curiosity-toolbar.button, {"context":"no"})
            </Button>
          </p>
        </div>,
        "dismissable": false,
        "id": "swatch-exports-status",
        "title": "t(curiosity-toolbar.notifications_export_completed_title, {"context":"existing","count":1})",
      },
      "type": "@@INSIGHTS-CORE/NOTIFICATIONS/ADD_NOTIFICATION",
    },
  ],
]
`;
