// Jest Snapshot v1, https://goo.gl/fbAQLP

exports[`ToolbarFieldCategory Component should generate select options: toolbarFieldOptions 1`] = `
[
  {
    "metaData": {
      "metric": "ipsum",
      "query": {
        "category": "cloud",
      },
    },
    "selected": false,
    "title": "t(curiosity-toolbar.label_category, {"context":"cloud"})",
    "value": "cloud",
  },
  {
    "metaData": {
      "metric": "dolor",
      "query": {
        "category": "virtual",
      },
    },
    "selected": false,
    "title": "t(curiosity-toolbar.label_category, {"context":"virtual"})",
    "value": "virtual",
  },
  {
    "metaData": {
      "metric": "sit",
      "query": {
        "category": "hypervisor",
      },
    },
    "selected": false,
    "title": "t(curiosity-toolbar.label_category, {"context":"hypervisor"})",
    "value": "hypervisor",
  },
]
`;

exports[`ToolbarFieldCategory Component should handle updating through redux state with component: dispatch, component 1`] = `
[
  [
    [
      {
        "__dynamic": true,
        "__originalType": "SET_GRAPH_LEGEND-undefined-inverted",
        "dynamicType": "SET_GRAPH_LEGEND-undefined-inverted",
        "id": "undefined-inverted",
        "type": "SET_GRAPH_LEGEND-undefined-inverted",
        "value": "dolor_virtual",
      },
      {
        "__dynamic": true,
        "__originalType": "SET_QUERY_INVENTORY_INSTANCES-undefined",
        "dir": undefined,
        "dynamicType": "SET_QUERY_INVENTORY_INSTANCES-undefined",
        "offset": 0,
        "sort": undefined,
        "type": "SET_QUERY_INVENTORY_INSTANCES-undefined",
      },
      {
        "__dynamic": true,
        "__originalType": "SET_QUERY_INVENTORY_SUBSCRIPTIONS-undefined",
        "dir": undefined,
        "dynamicType": "SET_QUERY_INVENTORY_SUBSCRIPTIONS-undefined",
        "offset": 0,
        "sort": undefined,
        "type": "SET_QUERY_INVENTORY_SUBSCRIPTIONS-undefined",
      },
      {
        "__dynamic": true,
        "__originalType": "SET_QUERY-undefined",
        "category": "virtual",
        "dynamicType": "SET_QUERY-undefined",
        "type": "SET_QUERY-undefined",
      },
    ],
  ],
]
`;

exports[`ToolbarFieldCategory Component should handle updating through redux state with hook: dispatch, hook 1`] = `
[
  [
    [
      {
        "__dynamic": true,
        "__originalType": "SET_GRAPH_LEGEND-mock-view-id-inverted",
        "dynamicType": "SET_GRAPH_LEGEND-mock-view-id-inverted",
        "id": "mock-view-id-inverted",
        "type": "SET_GRAPH_LEGEND-mock-view-id-inverted",
        "value": "hello_dolor sit_mock-product-id",
      },
      {
        "__dynamic": true,
        "__originalType": "SET_QUERY_INVENTORY_INSTANCES-mock-view-id",
        "dir": undefined,
        "dynamicType": "SET_QUERY_INVENTORY_INSTANCES-mock-view-id",
        "offset": 0,
        "sort": undefined,
        "type": "SET_QUERY_INVENTORY_INSTANCES-mock-view-id",
      },
      {
        "__dynamic": true,
        "__originalType": "SET_QUERY_INVENTORY_SUBSCRIPTIONS-mock-view-id",
        "dir": undefined,
        "dynamicType": "SET_QUERY_INVENTORY_SUBSCRIPTIONS-mock-view-id",
        "offset": 0,
        "sort": undefined,
        "type": "SET_QUERY_INVENTORY_SUBSCRIPTIONS-mock-view-id",
      },
      {
        "__dynamic": true,
        "__originalType": "SET_QUERY-mock-view-id",
        "category": "dolor sit",
        "dynamicType": "SET_QUERY-mock-view-id",
        "type": "SET_QUERY-mock-view-id",
      },
    ],
  ],
  [
    [
      {
        "__dynamic": true,
        "__originalType": "SET_GRAPH_LEGEND-mock-view-id-inverted",
        "dynamicType": "SET_GRAPH_LEGEND-mock-view-id-inverted",
        "id": "mock-view-id-inverted",
        "type": "SET_GRAPH_LEGEND-mock-view-id-inverted",
        "value": "lorem ipsum",
      },
      {
        "__dynamic": true,
        "__originalType": "SET_QUERY_INVENTORY_INSTANCES-mock-view-id",
        "dir": undefined,
        "dynamicType": "SET_QUERY_INVENTORY_INSTANCES-mock-view-id",
        "offset": 0,
        "sort": undefined,
        "type": "SET_QUERY_INVENTORY_INSTANCES-mock-view-id",
      },
      {
        "__dynamic": true,
        "__originalType": "SET_QUERY_INVENTORY_SUBSCRIPTIONS-mock-view-id",
        "dir": undefined,
        "dynamicType": "SET_QUERY_INVENTORY_SUBSCRIPTIONS-mock-view-id",
        "offset": 0,
        "sort": undefined,
        "type": "SET_QUERY_INVENTORY_SUBSCRIPTIONS-mock-view-id",
      },
      {
        "__dynamic": true,
        "__originalType": "SET_QUERY-mock-view-id",
        "category": "lorem ipsum",
        "dynamicType": "SET_QUERY-mock-view-id",
        "type": "SET_QUERY-mock-view-id",
      },
    ],
  ],
]
`;

exports[`ToolbarFieldCategory Component should render a basic component: basic 1`] = `
<Select
  aria-label="t(curiosity-toolbar.placeholder, {"context":"category"})"
  ariaLabel="Select option"
  className=""
  data-test="toolbarFieldCategory"
  direction="down"
  id="generatedid-"
  isDisabled={false}
  isDropdownButton={false}
  isFlipEnabled={false}
  isInline={true}
  isToggleText={true}
  maxHeight={null}
  name={null}
  onSelect={[Function]}
  onSplitButton={[Function]}
  options={[]}
  placeholder="t(curiosity-toolbar.placeholder, {"context":"category"})"
  position="left"
  selectedOptions={null}
  splitButtonVariant={null}
  toggleIcon={null}
  variant="single"
/>
`;
