// Jest Snapshot v1, https://goo.gl/fbAQLP

exports[`ToolbarFieldUsage Component should render a non-connected component: non-connected 1`] = `
<Select
  aria-label="t(curiosity-toolbar.placeholder, {\\"context\\":\\"usage\\"})"
  ariaLabel="Select option"
  className=""
  id="generatedid-"
  isDisabled={false}
  isToggleText={true}
  name={null}
  onSelect={[Function]}
  options={
    Array [
      Object {
        "selected": false,
        "title": "t(curiosity-toolbar.usage, {\\"context\\":\\"Production\\"})",
        "value": "Production",
      },
      Object {
        "selected": false,
        "title": "t(curiosity-toolbar.usage, {\\"context\\":\\"Development/Test\\"})",
        "value": "Development/Test",
      },
      Object {
        "selected": false,
        "title": "t(curiosity-toolbar.usage, {\\"context\\":\\"Disaster Recovery\\"})",
        "value": "Disaster Recovery",
      },
      Object {
        "selected": false,
        "title": "t(curiosity-toolbar.usage, {\\"context\\":\\"Unspecified\\"})",
        "value": "",
      },
    ]
  }
  placeholder="t(curiosity-toolbar.placeholder, {\\"context\\":\\"usage\\"})"
  selectedOptions={null}
  toggleIcon={null}
  variant="single"
/>
`;
